// Jest Snapshot v1, https://goo.gl/fbAQLP

exports[`ArtistsExhibitorsWorksLink Renders correctly 1`] = `
<View
  mb={1}
  style={
    Array [
      Object {
        "marginBottom": 4,
      },
    ]
  }
>
  <View
    flexDirection="row"
    flexWrap="nowrap"
    justifyContent="space-between"
    style={
      Array [
        Object {
          "display": "flex",
          "flexDirection": "row",
          "flexWrap": "nowrap",
          "justifyContent": "space-between",
        },
      ]
    }
  >
    <View
      accessible={true}
      align-items="base-line"
      flexDirection="row"
      focusable={true}
      onClick={[Function]}
      onResponderGrant={[Function]}
      onResponderMove={[Function]}
      onResponderRelease={[Function]}
      onResponderTerminate={[Function]}
      onResponderTerminationRequest={[Function]}
      onStartShouldSetResponder={[Function]}
      style={
        Array [
          Object {
            "display": "flex",
            "flexDirection": "row",
          },
        ]
      }
    >
      <Text
        fontFamily="Unica77LL-Medium"
        fontSize="14px"
        lineHeight="20px"
        style={
          Array [
            Object {
              "fontFamily": "Unica77LL-Medium",
              "fontSize": 14,
              "lineHeight": 20,
            },
            Object {},
          ]
        }
      >
        Artists
      </Text>
      <View
        ml={0.5}
        style={
          Array [
            Object {
              "marginLeft": 0.5,
            },
            Object {
              "marginTop": 1.5,
            },
          ]
        }
      >
        <RNSVGSvgView
          align="xMidYMid"
          bbHeight={14}
          bbWidth={14}
          focusable={false}
          height={14}
          meetOrSlice={0}
          minX={0}
          minY={0}
          style={
            Array [
              Object {
                "backgroundColor": "transparent",
                "borderWidth": 0,
              },
              Object {
                "top": 1,
              },
              Object {
                "opacity": 1,
              },
              Object {
                "flex": 0,
                "height": 14,
                "width": 14,
              },
            ]
          }
          vbHeight={54}
          vbWidth={54}
          width={14}
        >
          <RNSVGGroup
            fill={
              Array [
                0,
                4278190080,
              ]
            }
            fillOpacity={1}
            fillRule={1}
            font={Object {}}
            matrix={
              Array [
                1,
                0,
                0,
                1,
                0,
                0,
              ]
            }
            opacity={1}
            originX={0}
            originY={0}
            propList={Array []}
            rotation={0}
            scaleX={1}
            scaleY={1}
            skewX={0}
            skewY={0}
            stroke={null}
            strokeDasharray={null}
            strokeDashoffset={null}
            strokeLinecap={0}
            strokeLinejoin={0}
            strokeMiterlimit={4}
            strokeOpacity={1}
            strokeWidth={1}
            vectorEffect={0}
            x={0}
            y={0}
          >
            <RNSVGGroup
              fill={
                Array [
                  0,
                  4278190080,
                ]
              }
              fillOpacity={1}
              fillRule={1}
              font={Object {}}
              matrix={
                Array [
                  1,
                  0,
                  0,
                  1,
                  0,
                  0,
                ]
              }
              opacity={1}
              originX={0}
              originY={0}
              propList={Array []}
              rotation={0}
              scaleX={1}
              scaleY={1}
              skewX={0}
              skewY={0}
              stroke={null}
              strokeDasharray={null}
              strokeDashoffset={null}
              strokeLinecap={0}
              strokeLinejoin={0}
              strokeMiterlimit={4}
              strokeOpacity={1}
              strokeWidth={1}
              vectorEffect={0}
              x={0}
              y={0}
            >
              <RNSVGPath
                d="M18.192 7.92L32.498 27 18.192 46.08a1 1 0 0 0 .2 1.4l1.6 1.2a1 1 0 0 0 1.4-.2L36.597 28.2a2 2 0 0 0 0-2.4L21.392 5.52a1 1 0 0 0-1.4-.2l-1.6 1.2a1 1 0 0 0-.2 1.4z"
                fill={
                  Array [
                    0,
                    4290953922,
                  ]
                }
                fillOpacity={1}
                fillRule={0}
                matrix={
                  Array [
                    1,
                    0,
                    0,
                    1,
                    0,
                    0,
                  ]
                }
                opacity={1}
                originX={0}
                originY={0}
                propList={
                  Array [
                    "fill",
                    "fillRule",
                  ]
                }
                rotation={0}
                scaleX={1}
                scaleY={1}
                skewX={0}
                skewY={0}
                stroke={null}
                strokeDasharray={null}
                strokeDashoffset={null}
                strokeLinecap={0}
                strokeLinejoin={0}
                strokeMiterlimit={4}
                strokeOpacity={1}
                strokeWidth={1}
                vectorEffect={0}
                x={0}
                y={0}
              />
            </RNSVGGroup>
          </RNSVGGroup>
        </RNSVGSvgView>
      </View>
    </View>
    <View
      accessible={true}
      align-items="base-line"
      flexDirection="row"
      focusable={true}
      onClick={[Function]}
      onResponderGrant={[Function]}
      onResponderMove={[Function]}
      onResponderRelease={[Function]}
      onResponderTerminate={[Function]}
      onResponderTerminationRequest={[Function]}
      onStartShouldSetResponder={[Function]}
      style={
        Array [
          Object {
            "display": "flex",
            "flexDirection": "row",
          },
        ]
      }
    >
      <Text
        fontFamily="Unica77LL-Medium"
        fontSize="14px"
        lineHeight="20px"
        style={
          Array [
            Object {
              "fontFamily": "Unica77LL-Medium",
              "fontSize": 14,
              "lineHeight": 20,
            },
            Object {},
          ]
        }
      >
        Exhibitors
      </Text>
      <View
        ml={0.5}
        style={
          Array [
            Object {
              "marginLeft": 0.5,
            },
            Object {
              "marginTop": 1.5,
            },
          ]
        }
      >
        <RNSVGSvgView
          align="xMidYMid"
          bbHeight={14}
          bbWidth={14}
          focusable={false}
          height={14}
          meetOrSlice={0}
          minX={0}
          minY={0}
          style={
            Array [
              Object {
                "backgroundColor": "transparent",
                "borderWidth": 0,
              },
              Object {
                "top": 1,
              },
              Object {
                "opacity": 1,
              },
              Object {
                "flex": 0,
                "height": 14,
                "width": 14,
              },
            ]
          }
          vbHeight={54}
          vbWidth={54}
          width={14}
        >
          <RNSVGGroup
            fill={
              Array [
                0,
                4278190080,
              ]
            }
            fillOpacity={1}
            fillRule={1}
            font={Object {}}
            matrix={
              Array [
                1,
                0,
                0,
                1,
                0,
                0,
              ]
            }
            opacity={1}
            originX={0}
            originY={0}
            propList={Array []}
            rotation={0}
            scaleX={1}
            scaleY={1}
            skewX={0}
            skewY={0}
            stroke={null}
            strokeDasharray={null}
            strokeDashoffset={null}
            strokeLinecap={0}
            strokeLinejoin={0}
            strokeMiterlimit={4}
            strokeOpacity={1}
            strokeWidth={1}
            vectorEffect={0}
            x={0}
            y={0}
          >
            <RNSVGGroup
              fill={
                Array [
                  0,
                  4278190080,
                ]
              }
              fillOpacity={1}
              fillRule={1}
              font={Object {}}
              matrix={
                Array [
                  1,
                  0,
                  0,
                  1,
                  0,
                  0,
                ]
              }
              opacity={1}
              originX={0}
              originY={0}
              propList={Array []}
              rotation={0}
              scaleX={1}
              scaleY={1}
              skewX={0}
              skewY={0}
              stroke={null}
              strokeDasharray={null}
              strokeDashoffset={null}
              strokeLinecap={0}
              strokeLinejoin={0}
              strokeMiterlimit={4}
              strokeOpacity={1}
              strokeWidth={1}
              vectorEffect={0}
              x={0}
              y={0}
            >
              <RNSVGPath
                d="M18.192 7.92L32.498 27 18.192 46.08a1 1 0 0 0 .2 1.4l1.6 1.2a1 1 0 0 0 1.4-.2L36.597 28.2a2 2 0 0 0 0-2.4L21.392 5.52a1 1 0 0 0-1.4-.2l-1.6 1.2a1 1 0 0 0-.2 1.4z"
                fill={
                  Array [
                    0,
                    4290953922,
                  ]
                }
                fillOpacity={1}
                fillRule={0}
                matrix={
                  Array [
                    1,
                    0,
                    0,
                    1,
                    0,
                    0,
                  ]
                }
                opacity={1}
                originX={0}
                originY={0}
                propList={
                  Array [
                    "fill",
                    "fillRule",
                  ]
                }
                rotation={0}
                scaleX={1}
                scaleY={1}
                skewX={0}
                skewY={0}
                stroke={null}
                strokeDasharray={null}
                strokeDashoffset={null}
                strokeLinecap={0}
                strokeLinejoin={0}
                strokeMiterlimit={4}
                strokeOpacity={1}
                strokeWidth={1}
                vectorEffect={0}
                x={0}
                y={0}
              />
            </RNSVGGroup>
          </RNSVGGroup>
        </RNSVGSvgView>
      </View>
    </View>
    <View
      accessible={true}
      align-items="base-line"
      flexDirection="row"
      focusable={true}
      onClick={[Function]}
      onResponderGrant={[Function]}
      onResponderMove={[Function]}
      onResponderRelease={[Function]}
      onResponderTerminate={[Function]}
      onResponderTerminationRequest={[Function]}
      onStartShouldSetResponder={[Function]}
      style={
        Array [
          Object {
            "display": "flex",
            "flexDirection": "row",
          },
        ]
      }
    >
      <Text
        fontFamily="Unica77LL-Medium"
        fontSize="14px"
        lineHeight="20px"
        style={
          Array [
            Object {
              "fontFamily": "Unica77LL-Medium",
              "fontSize": 14,
              "lineHeight": 20,
            },
            Object {},
          ]
        }
      >
        Works
      </Text>
      <View
        ml={0.5}
        style={
          Array [
            Object {
              "marginLeft": 0.5,
            },
            Object {
              "marginTop": 1.5,
            },
          ]
        }
      >
        <RNSVGSvgView
          align="xMidYMid"
          bbHeight={14}
          bbWidth={14}
          focusable={false}
          height={14}
          meetOrSlice={0}
          minX={0}
          minY={0}
          style={
            Array [
              Object {
                "backgroundColor": "transparent",
                "borderWidth": 0,
              },
              Object {
                "top": 1,
              },
              Object {
                "opacity": 1,
              },
              Object {
                "flex": 0,
                "height": 14,
                "width": 14,
              },
            ]
          }
          vbHeight={54}
          vbWidth={54}
          width={14}
        >
          <RNSVGGroup
            fill={
              Array [
                0,
                4278190080,
              ]
            }
            fillOpacity={1}
            fillRule={1}
            font={Object {}}
            matrix={
              Array [
                1,
                0,
                0,
                1,
                0,
                0,
              ]
            }
            opacity={1}
            originX={0}
            originY={0}
            propList={Array []}
            rotation={0}
            scaleX={1}
            scaleY={1}
            skewX={0}
            skewY={0}
            stroke={null}
            strokeDasharray={null}
            strokeDashoffset={null}
            strokeLinecap={0}
            strokeLinejoin={0}
            strokeMiterlimit={4}
            strokeOpacity={1}
            strokeWidth={1}
            vectorEffect={0}
            x={0}
            y={0}
          >
            <RNSVGGroup
              fill={
                Array [
                  0,
                  4278190080,
                ]
              }
              fillOpacity={1}
              fillRule={1}
              font={Object {}}
              matrix={
                Array [
                  1,
                  0,
                  0,
                  1,
                  0,
                  0,
                ]
              }
              opacity={1}
              originX={0}
              originY={0}
              propList={Array []}
              rotation={0}
              scaleX={1}
              scaleY={1}
              skewX={0}
              skewY={0}
              stroke={null}
              strokeDasharray={null}
              strokeDashoffset={null}
              strokeLinecap={0}
              strokeLinejoin={0}
              strokeMiterlimit={4}
              strokeOpacity={1}
              strokeWidth={1}
              vectorEffect={0}
              x={0}
              y={0}
            >
              <RNSVGPath
                d="M18.192 7.92L32.498 27 18.192 46.08a1 1 0 0 0 .2 1.4l1.6 1.2a1 1 0 0 0 1.4-.2L36.597 28.2a2 2 0 0 0 0-2.4L21.392 5.52a1 1 0 0 0-1.4-.2l-1.6 1.2a1 1 0 0 0-.2 1.4z"
                fill={
                  Array [
                    0,
                    4290953922,
                  ]
                }
                fillOpacity={1}
                fillRule={0}
                matrix={
                  Array [
                    1,
                    0,
                    0,
                    1,
                    0,
                    0,
                  ]
                }
                opacity={1}
                originX={0}
                originY={0}
                propList={
                  Array [
                    "fill",
                    "fillRule",
                  ]
                }
                rotation={0}
                scaleX={1}
                scaleY={1}
                skewX={0}
                skewY={0}
                stroke={null}
                strokeDasharray={null}
                strokeDashoffset={null}
                strokeLinecap={0}
                strokeLinejoin={0}
                strokeMiterlimit={4}
                strokeOpacity={1}
                strokeWidth={1}
                vectorEffect={0}
                x={0}
                y={0}
              />
            </RNSVGGroup>
          </RNSVGGroup>
        </RNSVGSvgView>
      </View>
    </View>
  </View>
</View>
`;
