// Jest Snapshot v1, https://goo.gl/fbAQLP

exports[`PartnerArtwork renders the artworks 1`] = `"<rctscrollview scrolleventthrottle=\\"1e-10\\" data=\\"[object Object]\\" initialnumtorender=\\"10\\" maxtorenderperbatch=\\"10\\" updatecellsbatchingperiod=\\"50\\" windowsize=\\"21\\" numcolumns=\\"1\\" viewabilityconfigcallbackpairs=\\"\\" stickyheaderindices=\\"\\"><view><view><view></view></view><view><rctscrollview scrolleventthrottle=\\"50\\" accessibilitylabel=\\"Artworks ScrollView\\"><view><view px=\\"0\\"><view style=\\"flex-direction: row;\\" accessibilitylabel=\\"Artworks Content View\\"><view accessibilitylabel=\\"Section 0\\"><view focusable=\\"true\\"><view style=\\"margin-bottom: 8px;\\"><aropaqueimageview aspectratio=\\"0.71\\" imageurl=\\"https://d32dm0rphc51dk.cloudfront.net/Wpq1gvhpupGvUcUwtdl0KQ/large.jpg\\"></aropaqueimageview></view><text numberoflines=\\"1\\">Cecily Brown</text><text numberoflines=\\"1\\"><text numberoflines=\\"1\\">Untitled</text>, 2005</text><text numberoflines=\\"1\\">Gagosian</text></view><view style=\\"height: 20px;\\" accessibilitylabel=\\"Spacer View\\"></view><view focusable=\\"true\\"><view style=\\"margin-bottom: 8px;\\"><aropaqueimageview aspectratio=\\"0.73\\" imageurl=\\"https://d32dm0rphc51dk.cloudfront.net/VfN5PAsxyuaTfLz47h_Gjg/large.jpg\\"></aropaqueimageview></view><text numberoflines=\\"1\\">Dan Colen</text><text numberoflines=\\"1\\"><text numberoflines=\\"1\\">For They Know Not What They Do (Self-Portrait)</text>, 2006</text><text numberoflines=\\"1\\">Gagosian</text></view><view style=\\"height: 20px;\\" accessibilitylabel=\\"Spacer View\\"></view><view focusable=\\"true\\"><view style=\\"margin-bottom: 8px;\\"><aropaqueimageview aspectratio=\\"0.7\\" imageurl=\\"https://d32dm0rphc51dk.cloudfront.net/HKx0sMXcfEzuhrhcHEdUog/large.jpg\\"></aropaqueimageview></view><text numberoflines=\\"1\\">John Currin</text><text numberoflines=\\"1\\"><text numberoflines=\\"1\\">Constance Towers</text>, 2009</text><text numberoflines=\\"1\\">Gagosian</text></view><view style=\\"height: 20px;\\" accessibilitylabel=\\"Spacer View\\"></view></view><view accessibilitylabel=\\"Section 1\\"><view focusable=\\"true\\"><view style=\\"margin-bottom: 8px;\\"><aropaqueimageview aspectratio=\\"0.78\\" imageurl=\\"https://d32dm0rphc51dk.cloudfront.net/0uqXV6WS2yR264w7vbxeZw/large.jpg\\"></aropaqueimageview></view><text numberoflines=\\"1\\">John Currin</text><text numberoflines=\\"1\\"><text numberoflines=\\"1\\">Purple Bra</text>, 2006</text><text numberoflines=\\"1\\">Gagosian</text></view><view style=\\"height: 20px;\\" accessibilitylabel=\\"Spacer View\\"></view><view focusable=\\"true\\"><view style=\\"margin-bottom: 8px;\\"><aropaqueimageview aspectratio=\\"0.78\\" imageurl=\\"https://d32dm0rphc51dk.cloudfront.net/eKsH3Qe7Iu7dXQgOwOyn5g/large.jpg\\"></aropaqueimageview></view><text numberoflines=\\"1\\">Jeff Koons</text><text numberoflines=\\"1\\"><text numberoflines=\\"1\\">Peg Leg</text>, 2006</text><text numberoflines=\\"1\\">Gagosian</text></view><view style=\\"height: 20px;\\" accessibilitylabel=\\"Spacer View\\"></view><view focusable=\\"true\\"><view style=\\"margin-bottom: 8px;\\"><aropaqueimageview aspectratio=\\"1\\" imageurl=\\"https://d32dm0rphc51dk.cloudfront.net/BOXfMix8m119pln0iWe78w/large.jpg\\"></aropaqueimageview></view><text numberoflines=\\"1\\">Mark Tansey</text><text numberoflines=\\"1\\"><text numberoflines=\\"1\\">Duet</text>, 2004</text><text numberoflines=\\"1\\">Gagosian</text></view><view style=\\"height: 20px;\\" accessibilitylabel=\\"Spacer View\\"></view></view><view accessibilitylabel=\\"Section 2\\"><view focusable=\\"true\\"><view style=\\"margin-bottom: 8px;\\"><aropaqueimageview aspectratio=\\"1.56\\" imageurl=\\"https://d32dm0rphc51dk.cloudfront.net/w9vKR48fw3DiE0ha5B5bOw/large.jpg\\"></aropaqueimageview></view><text numberoflines=\\"1\\">Gregory Crewdson</text><text numberoflines=\\"1\\"><text numberoflines=\\"1\\">Untitled</text>, 2007</text><text numberoflines=\\"1\\">Gagosian</text></view><view style=\\"height: 20px;\\" accessibilitylabel=\\"Spacer View\\"></view><view focusable=\\"true\\"><view style=\\"margin-bottom: 8px;\\"><aropaqueimageview aspectratio=\\"1.13\\" imageurl=\\"https://d32dm0rphc51dk.cloudfront.net/U2_icKldX8zDuKmSGDoUlg/large.jpg\\"></aropaqueimageview></view><text numberoflines=\\"1\\">Mark Tansey</text><text numberoflines=\\"1\\"><text numberoflines=\\"1\\">Snowman</text>, 2004</text><text numberoflines=\\"1\\">Gagosian</text></view><view style=\\"height: 20px;\\" accessibilitylabel=\\"Spacer View\\"></view><view focusable=\\"true\\"><view style=\\"margin-bottom: 8px;\\"><aropaqueimageview aspectratio=\\"1.34\\" imageurl=\\"https://d32dm0rphc51dk.cloudfront.net/vKzEFsW8gckSlWwkRWLSIQ/large.jpg\\"></aropaqueimageview></view><text numberoflines=\\"1\\">Dike Blair</text><text numberoflines=\\"1\\"><text numberoflines=\\"1\\">Untitled</text>, 2007</text><text numberoflines=\\"1\\">Gagosian</text></view><view style=\\"height: 20px;\\" accessibilitylabel=\\"Spacer View\\"></view><view focusable=\\"true\\"><view style=\\"margin-bottom: 8px;\\"><aropaqueimageview aspectratio=\\"0.6\\" imageurl=\\"https://d32dm0rphc51dk.cloudfront.net/_CDPOHfm9KXnLyvQVCYaYQ/large.jpg\\"></aropaqueimageview></view><text numberoflines=\\"1\\">Andy Warhol</text><text numberoflines=\\"1\\"><text numberoflines=\\"1\\">One Green Cow</text>, 1979</text><text numberoflines=\\"1\\">Gagosian</text></view><view style=\\"height: 20px;\\" accessibilitylabel=\\"Spacer View\\"></view></view></view></view></view></rctscrollview></view></view></rctscrollview>"`;
