// Jest Snapshot v1, https://goo.gl/fbAQLP

exports[`renders properly 1`] = `"<view pt=\\"3\\"><rctscrollview scrolleventthrottle=\\"50\\" accessibilitylabel=\\"Artworks ScrollView\\"><view><view px=\\"2\\"><view m=\\"2\\"></view><text font-family=\\"ReactNativeAGaramondPro-Regular\\" font-size=\\"32px\\" lineheight=\\"38px\\">Works</text><view flexdirection=\\"row\\" pt=\\"2\\" pb=\\"3\\"><view style=\\"opacity: 1;\\" focusable=\\"true\\"><view flexdirection=\\"row\\" alignitems=\\"center\\" justifycontent=\\"center\\"><text font-family=\\"Unica77LL-Medium\\" font-size=\\"14px\\" lineheight=\\"24px\\">Medium</text><view m=\\"0.5\\"></view><image source=\\"[object Object]\\"></image></view></view><view m=\\"2\\"></view><view style=\\"opacity: 1;\\" focusable=\\"true\\"><view flexdirection=\\"row\\" alignitems=\\"center\\" justifycontent=\\"center\\"><text font-family=\\"Unica77LL-Medium\\" font-size=\\"14px\\" lineheight=\\"24px\\">Price Range</text><view m=\\"0.5\\"></view><image source=\\"[object Object]\\"></image></view></view></view></view><view px=\\"2\\"><view style=\\"flex-direction: row;\\" accessibilitylabel=\\"Artworks Content View\\"></view></view></view></rctscrollview></view>"`;
