// Jest Snapshot v1, https://goo.gl/fbAQLP

exports[`looks correct when rendered 1`] = `
<View
  style={
    Array [
      Object {
        "flex": 1,
        "overflow": "hidden",
      },
      undefined,
    ]
  }
>
  <RNCWebView
    cacheEnabled={true}
    javaScriptEnabled={true}
    messagingEnabled={false}
    onContentProcessDidTerminate={[Function]}
    onHttpError={[Function]}
    onLoadingError={[Function]}
    onLoadingFinish={[Function]}
    onLoadingProgress={[Function]}
    onLoadingStart={[Function]}
    onMessage={[Function]}
    onShouldStartLoadWithRequest={[Function]}
    source={null}
    style={
      Array [
        Object {
          "flex": 1,
          "overflow": "hidden",
        },
        Object {
          "backgroundColor": "#ffffff",
        },
        Object {
          "flex": 1,
        },
      ]
    }
    useSharedProcessPool={true}
  />
</View>
`;
