// Jest Snapshot v1, https://goo.gl/fbAQLP

exports[`renders correctly at iPhone size 1`] = `
<RCTScrollView
  contentContainerStyle={
    Object {
      "flexDirection": "row",
      "flexWrap": "wrap",
      "justifyContent": "center",
    }
  }
  data={
    Array [
      "take_photo",
      Object {
        "image": Object {
          "uri": "https://d32dm0rphc51dk.cloudfront.net/WAlGHmjlxTn3USMllNt4rA/large.jpg",
        },
      },
      Object {
        "image": Object {
          "uri": "https://d32dm0rphc51dk.cloudfront.net/WAlGHmjlxTn3USMllNt4rA/large.jpg",
        },
      },
      Object {
        "image": Object {
          "uri": "https://d32dm0rphc51dk.cloudfront.net/WAlGHmjlxTn3USMllNt4rA/large.jpg",
        },
      },
    ]
  }
  disableVirtualization={false}
  getItem={[Function]}
  getItemCount={[Function]}
  horizontal={false}
  initialNumToRender={10}
  keyExtractor={[Function]}
  maxToRenderPerBatch={10}
  numColumns={1}
  onContentSizeChange={[Function]}
  onEndReachedThreshold={2}
  onLayout={[Function]}
  onMomentumScrollEnd={[Function]}
  onScroll={[Function]}
  onScrollBeginDrag={[Function]}
  onScrollEndDrag={[Function]}
  removeClippedSubviews={false}
  renderItem={[Function]}
  scrollEventThrottle={50}
  stickyHeaderIndices={Array []}
  updateCellsBatchingPeriod={50}
  viewabilityConfigCallbackPairs={Array []}
  windowSize={21}
>
  <View>
    <View
      onLayout={[Function]}
      style={null}
    >
      <View
        accessible={true}
        focusable={false}
        isTVSelectable={true}
        onClick={[Function]}
        onResponderGrant={[Function]}
        onResponderMove={[Function]}
        onResponderRelease={[Function]}
        onResponderTerminate={[Function]}
        onResponderTerminationRequest={[Function]}
        onStartShouldSetResponder={[Function]}
        style={
          Object {
            "alignItems": "center",
            "backgroundColor": "white",
            "borderColor": null,
            "borderWidth": 2,
            "height": 158,
            "justifyContent": "center",
            "margin": 4,
            "opacity": 1,
            "width": 158,
          }
        }
      >
        <Image
          source={
            Object {
              "testUri": "../../../images/consignments/camera-black.png",
            }
          }
        />
      </View>
    </View>
    <View
      onLayout={[Function]}
      style={null}
    >
      <View
        style={
          Object {
            "borderColor": null,
            "borderWidth": 2,
            "height": 158,
            "margin": 4,
            "width": 158,
          }
        }
      >
        <View
          accessible={true}
          focusable={true}
          isTVSelectable={true}
          onClick={[Function]}
          onResponderGrant={[Function]}
          onResponderMove={[Function]}
          onResponderRelease={[Function]}
          onResponderTerminate={[Function]}
          onResponderTerminationRequest={[Function]}
          onStartShouldSetResponder={[Function]}
          style={
            Object {
              "opacity": 1,
            }
          }
        >
          <Image
            source={
              Object {
                "uri": "https://d32dm0rphc51dk.cloudfront.net/WAlGHmjlxTn3USMllNt4rA/large.jpg",
              }
            }
            style={
              Object {
                "height": 154,
                "width": 154,
              }
            }
          />
        </View>
      </View>
    </View>
    <View
      onLayout={[Function]}
      style={null}
    >
      <View
        style={
          Object {
            "borderColor": null,
            "borderWidth": 2,
            "height": 158,
            "margin": 4,
            "width": 158,
          }
        }
      >
        <View
          accessible={true}
          focusable={true}
          isTVSelectable={true}
          onClick={[Function]}
          onResponderGrant={[Function]}
          onResponderMove={[Function]}
          onResponderRelease={[Function]}
          onResponderTerminate={[Function]}
          onResponderTerminationRequest={[Function]}
          onStartShouldSetResponder={[Function]}
          style={
            Object {
              "opacity": 1,
            }
          }
        >
          <Image
            source={
              Object {
                "uri": "https://d32dm0rphc51dk.cloudfront.net/WAlGHmjlxTn3USMllNt4rA/large.jpg",
              }
            }
            style={
              Object {
                "height": 154,
                "width": 154,
              }
            }
          />
        </View>
      </View>
    </View>
    <View
      onLayout={[Function]}
      style={null}
    >
      <View
        style={
          Object {
            "borderColor": null,
            "borderWidth": 2,
            "height": 158,
            "margin": 4,
            "width": 158,
          }
        }
      >
        <View
          accessible={true}
          focusable={true}
          isTVSelectable={true}
          onClick={[Function]}
          onResponderGrant={[Function]}
          onResponderMove={[Function]}
          onResponderRelease={[Function]}
          onResponderTerminate={[Function]}
          onResponderTerminationRequest={[Function]}
          onStartShouldSetResponder={[Function]}
          style={
            Object {
              "opacity": 1,
            }
          }
        >
          <Image
            source={
              Object {
                "uri": "https://d32dm0rphc51dk.cloudfront.net/WAlGHmjlxTn3USMllNt4rA/large.jpg",
              }
            }
            style={
              Object {
                "height": 154,
                "width": 154,
              }
            }
          />
        </View>
      </View>
    </View>
  </View>
</RCTScrollView>
`;
