// Jest Snapshot v1, https://goo.gl/fbAQLP

exports[`ArtistsGroupedByName renders properly 1`] = `"<rctscrollview sections=\\"[object Object],[object Object],[object Object],[object Object],[object Object]\\" initialnumtorender=\\"10\\" maxtorenderperbatch=\\"10\\" scrolleventthrottle=\\"50\\" updatecellsbatchingperiod=\\"50\\" windowsize=\\"21\\" data=\\"[object Object],[object Object],[object Object],[object Object],[object Object]\\" stickyheaderindices=\\"1,4,7,10\\"><view><view><view px=\\"2\\" mb=\\"2\\" pt=\\"85\\"><text font-family=\\"ReactNativeAGaramondPro-Regular\\" font-size=\\"32px\\" lineheight=\\"38px\\">Artists</text></view></view><view><view px=\\"2\\" mb=\\"2\\"><text font-family=\\"Unica77LL-Medium\\" font-size=\\"16px\\" lineheight=\\"26px\\">A</text></view></view><view><view px=\\"2\\" mb=\\"2\\"><view flexdirection=\\"row\\" justifycontent=\\"space-between\\" flexwrap=\\"nowrap\\" focusable=\\"true\\"><view mr=\\"1\\" justifycontent=\\"center\\"><image resizemode=\\"stretch\\" style=\\"width: 45px; height: 45px; border-radius: 22.5px;\\" source=\\"[object Object]\\"></image></view><view justifycontent=\\"center\\" width=\\"0\\" flexgrow=\\"1\\"><text font-family=\\"ReactNativeAGaramondPro-Regular\\" font-size=\\"16px\\" lineheight=\\"20px\\" ellipsizemode=\\"tail\\" numberoflines=\\"1\\" color=\\"black100\\">Pablo Picasso</text><text font-family=\\"Unica77LL-Regular\\" font-size=\\"12px\\" lineheight=\\"16px\\" ellipsizemode=\\"tail\\" numberoflines=\\"1\\" color=\\"black60\\">Spanish, 1881-1973</text></view><view ml=\\"1\\" flexdirection=\\"row\\" alignitems=\\"center\\" justifycontent=\\"flex-end\\"><view flexdirection=\\"row\\" focusable=\\"true\\"><view variant=\\"primaryBlack\\" theme=\\"[object Object]\\" px=\\"1\\"><view><text font-family=\\"Unica77LL-Medium\\" font-size=\\"12px\\" lineheight=\\"16px\\" color=\\"#FFF\\">Follow</text></view><text font-family=\\"Unica77LL-Medium\\" font-size=\\"12px\\" lineheight=\\"16px\\" role=\\"presentation\\">Following</text></view></view></view></view></view></view><view><view px=\\"2\\" pb=\\"2\\"><view width=\\"100%\\"></view></view></view><view><view px=\\"2\\" mb=\\"2\\"><text font-family=\\"Unica77LL-Medium\\" font-size=\\"16px\\" lineheight=\\"26px\\">B</text></view></view><view><view px=\\"2\\" mb=\\"2\\"><view flexdirection=\\"row\\" justifycontent=\\"space-between\\" flexwrap=\\"nowrap\\" focusable=\\"true\\"><view mr=\\"1\\" justifycontent=\\"center\\"><image resizemode=\\"stretch\\" style=\\"width: 45px; height: 45px; border-radius: 22.5px;\\" source=\\"[object Object]\\"></image></view><view justifycontent=\\"center\\" width=\\"0\\" flexgrow=\\"1\\"><text font-family=\\"ReactNativeAGaramondPro-Regular\\" font-size=\\"16px\\" lineheight=\\"20px\\" ellipsizemode=\\"tail\\" numberoflines=\\"1\\" color=\\"black100\\">Pablo Picasso</text><text font-family=\\"Unica77LL-Regular\\" font-size=\\"12px\\" lineheight=\\"16px\\" ellipsizemode=\\"tail\\" numberoflines=\\"1\\" color=\\"black60\\">Spanish, 1881-1973</text></view><view ml=\\"1\\" flexdirection=\\"row\\" alignitems=\\"center\\" justifycontent=\\"flex-end\\"><view flexdirection=\\"row\\" focusable=\\"true\\"><view variant=\\"primaryBlack\\" theme=\\"[object Object]\\" px=\\"1\\"><view><text font-family=\\"Unica77LL-Medium\\" font-size=\\"12px\\" lineheight=\\"16px\\" color=\\"#FFF\\">Follow</text></view><text font-family=\\"Unica77LL-Medium\\" font-size=\\"12px\\" lineheight=\\"16px\\" role=\\"presentation\\">Following</text></view></view></view></view></view></view><view><view px=\\"2\\" pb=\\"2\\"><view width=\\"100%\\"></view></view></view><view><view px=\\"2\\" mb=\\"2\\"><text font-family=\\"Unica77LL-Medium\\" font-size=\\"16px\\" lineheight=\\"26px\\">C</text></view></view><view><view px=\\"2\\" mb=\\"2\\"><view flexdirection=\\"row\\" justifycontent=\\"space-between\\" flexwrap=\\"nowrap\\" focusable=\\"true\\"><view mr=\\"1\\" justifycontent=\\"center\\"><image resizemode=\\"stretch\\" style=\\"width: 45px; height: 45px; border-radius: 22.5px;\\" source=\\"[object Object]\\"></image></view><view justifycontent=\\"center\\" width=\\"0\\" flexgrow=\\"1\\"><text font-family=\\"ReactNativeAGaramondPro-Regular\\" font-size=\\"16px\\" lineheight=\\"20px\\" ellipsizemode=\\"tail\\" numberoflines=\\"1\\" color=\\"black100\\">Pablo Picasso</text><text font-family=\\"Unica77LL-Regular\\" font-size=\\"12px\\" lineheight=\\"16px\\" ellipsizemode=\\"tail\\" numberoflines=\\"1\\" color=\\"black60\\">Spanish, 1881-1973</text></view><view ml=\\"1\\" flexdirection=\\"row\\" alignitems=\\"center\\" justifycontent=\\"flex-end\\"><view flexdirection=\\"row\\" focusable=\\"true\\"><view variant=\\"primaryBlack\\" theme=\\"[object Object]\\" px=\\"1\\"><view><text font-family=\\"Unica77LL-Medium\\" font-size=\\"12px\\" lineheight=\\"16px\\" color=\\"#FFF\\">Follow</text></view><text font-family=\\"Unica77LL-Medium\\" font-size=\\"12px\\" lineheight=\\"16px\\" role=\\"presentation\\">Following</text></view></view></view></view></view></view><view><view px=\\"2\\" pb=\\"2\\"><view width=\\"100%\\"></view></view></view><view><view px=\\"2\\" mb=\\"2\\"><text font-family=\\"Unica77LL-Medium\\" font-size=\\"16px\\" lineheight=\\"26px\\">D</text></view></view><view style=\\"height: 0px;\\"></view></view></rctscrollview>"`;
