// Jest Snapshot v1, https://goo.gl/fbAQLP

exports[`ArtistListItem renders properly 1`] = `"<view flexdirection=\\"row\\" justifycontent=\\"space-between\\" flexwrap=\\"nowrap\\" focusable=\\"true\\"><view mr=\\"1\\" justifycontent=\\"center\\"><image resizemode=\\"stretch\\" style=\\"width: 45px; height: 45px; border-radius: 22.5px;\\" source=\\"[object Object]\\"></image></view><view justifycontent=\\"center\\" width=\\"0\\" flexgrow=\\"1\\"><text font-family=\\"ReactNativeAGaramondPro-Regular\\" font-size=\\"16px\\" lineheight=\\"20px\\" ellipsizemode=\\"tail\\" numberoflines=\\"1\\" color=\\"black100\\">Pablo Picasso</text><text font-family=\\"Unica77LL-Regular\\" font-size=\\"12px\\" lineheight=\\"16px\\" ellipsizemode=\\"tail\\" numberoflines=\\"1\\" color=\\"black60\\">Spanish, 1881-1973</text></view><view ml=\\"1\\" flexdirection=\\"row\\" alignitems=\\"center\\" justifycontent=\\"flex-end\\"><view flexdirection=\\"row\\" focusable=\\"true\\"><view variant=\\"primaryBlack\\" theme=\\"[object Object]\\" px=\\"1\\"><view><text font-family=\\"Unica77LL-Medium\\" font-size=\\"12px\\" lineheight=\\"16px\\" color=\\"#FFF\\">Follow</text></view><text font-family=\\"Unica77LL-Medium\\" font-size=\\"12px\\" lineheight=\\"16px\\" role=\\"presentation\\">Following</text></view></view></view></view>"`;
