// Jest Snapshot v1, https://goo.gl/fbAQLP

exports[`FairBoothPreviewHeader renders properly 1`] = `"<View justifyContent=\\"space-between\\" alignItems=\\"center\\" flexDirection=\\"row\\" mb=\\"1\\" style=\\"0:[object Object]\\"><View style=\\"opacity:1\\" focusable=\\"true\\"><View flexDirection=\\"row\\" alignItems=\\"center\\" style=\\"0:[object Object]\\"><View mr=\\"1\\" style=\\"0:[object Object]\\"><AROpaqueImageView imageURL=\\"http://placehold.it/200x200\\" aspectRatio=\\"1\\" style=\\"0:[object Object]\\"></AROpaqueImageView></View><View width=\\"560\\" style=\\"0:[object Object]\\"><Text font-family=\\"ReactNativeAGaramondPro-Regular\\" font-size=\\"14px\\" lineHeight=\\"18px\\" style=\\"0:[object Object];1:[object Object]\\">A Partner</Text><Text font-family=\\"Unica77LL-Regular\\" font-size=\\"12px\\" lineHeight=\\"16px\\" color=\\"black60\\" style=\\"0:[object Object];1:[object Object]\\">Booth 21</Text></View></View></View><View flexDirection=\\"row\\" focusable=\\"true\\" style=\\"0:[object Object]\\"><View variant=\\"primaryBlack\\" theme=\\"[object Object]\\" px=\\"1\\" style=\\"0:[object Object];1:[object Object]\\"><View style=\\"0:[object Object]\\"><Text font-family=\\"Unica77LL-Medium\\" font-size=\\"12px\\" lineHeight=\\"16px\\" color=\\"#FFF\\" style=\\"0:[object Object];1:[object Object]\\">Follow</Text></View><Text font-family=\\"Unica77LL-Medium\\" font-size=\\"12px\\" lineHeight=\\"16px\\" role=\\"presentation\\" style=\\"0:[object Object];1:[object Object]\\">Following</Text></View></View></View>"`;
