// Jest Snapshot v1, https://goo.gl/fbAQLP

exports[`renders properly 1`] = `
<View
  px={2}
  py={1}
  style={
    Array [
      Object {
        "paddingBottom": 10,
        "paddingLeft": 20,
        "paddingRight": 20,
        "paddingTop": 10,
      },
      Object {
        "backgroundColor": "#000",
      },
    ]
  }
>
  <View
    accessible={true}
    alignItems="center"
    flexDirection="row"
    focusable={true}
    justifyContent="space-between"
    onClick={[Function]}
    onResponderGrant={[Function]}
    onResponderMove={[Function]}
    onResponderRelease={[Function]}
    onResponderTerminate={[Function]}
    onResponderTerminationRequest={[Function]}
    onStartShouldSetResponder={[Function]}
    style={
      Array [
        Object {
          "alignItems": "center",
          "display": "flex",
          "flexDirection": "row",
          "justifyContent": "space-between",
        },
      ]
    }
  >
    <Text
      color="#FFF"
      fontFamily="ReactNativeAGaramondPro-Regular"
      fontSize="16px"
      lineHeight="20px"
      style={
        Array [
          Object {
            "color": "#FFF",
            "fontFamily": "ReactNativeAGaramondPro-Regular",
            "fontSize": 16,
            "lineHeight": 20,
          },
          Object {},
        ]
      }
    >
      uI am a navigation button
    </Text>
    <Image
      source={
        Object {
          "testUri": "../../../images/horizontal_chevron_white.png",
        }
      }
    />
  </View>
</View>
`;
