// Jest Snapshot v1, https://goo.gl/fbAQLP

exports[`PartnerLocations looks correct when rendered 1`] = `"<rctscrollview data=\\"[object Object],[object Object],[object Object],[object Object],[object Object],[object Object],[object Object],[object Object],[object Object],[object Object]\\" initialnumtorender=\\"10\\" maxtorenderperbatch=\\"10\\" scrolleventthrottle=\\"50\\" updatecellsbatchingperiod=\\"50\\" windowsize=\\"21\\" numcolumns=\\"1\\" viewabilityconfigcallbackpairs=\\"\\" stickyheaderindices=\\"\\"><view><view><view pt=\\"60\\" px=\\"2\\"><text font-family=\\"Unica77LL-Regular\\" font-size=\\"14px\\" lineheight=\\"20px\\">Locations</text><text font-family=\\"ReactNativeAGaramondPro-Regular\\" font-size=\\"22px\\" lineheight=\\"32px\\">Gagosian</text></view></view><view><view px=\\"2\\" mt=\\"2\\"><text font-family=\\"Unica77LL-Medium\\" font-size=\\"14px\\" lineheight=\\"24px\\">New York</text><view mb=\\"0.5\\"></view><view style=\\"opacity: 1;\\" focusable=\\"true\\"><view><view my=\\"2\\"><text font-family=\\"ReactNativeAGaramondPro-Regular\\" font-size=\\"16px\\" lineheight=\\"20px\\" color=\\"black60\\" textalign=\\"center\\">980 Madison Avenue</text><text font-family=\\"ReactNativeAGaramondPro-Regular\\" font-size=\\"16px\\" lineheight=\\"20px\\" color=\\"black60\\" textalign=\\"center\\">New York, 10075</text></view></view></view></view></view><view><view px=\\"2\\" mt=\\"2\\"><text font-family=\\"Unica77LL-Medium\\" font-size=\\"14px\\" lineheight=\\"24px\\">New York</text><view mb=\\"0.5\\"></view><view style=\\"opacity: 1;\\" focusable=\\"true\\"><view><view my=\\"2\\"><text font-family=\\"ReactNativeAGaramondPro-Regular\\" font-size=\\"16px\\" lineheight=\\"20px\\" color=\\"black60\\" textalign=\\"center\\">976 Madison Avenue</text><text font-family=\\"ReactNativeAGaramondPro-Regular\\" font-size=\\"16px\\" lineheight=\\"20px\\" color=\\"black60\\" textalign=\\"center\\">New York, 10075</text></view></view></view></view></view><view><view px=\\"2\\" mt=\\"2\\"><text font-family=\\"Unica77LL-Medium\\" font-size=\\"14px\\" lineheight=\\"24px\\">New York</text><view mb=\\"0.5\\"></view><view style=\\"opacity: 1;\\" focusable=\\"true\\"><view><view my=\\"2\\"><text font-family=\\"ReactNativeAGaramondPro-Regular\\" font-size=\\"16px\\" lineheight=\\"20px\\" color=\\"black60\\" textalign=\\"center\\">821 Park Avenue</text><text font-family=\\"ReactNativeAGaramondPro-Regular\\" font-size=\\"16px\\" lineheight=\\"20px\\" color=\\"black60\\" textalign=\\"center\\">New York, 10021</text></view></view></view></view></view><view><view px=\\"2\\" mt=\\"2\\"><text font-family=\\"Unica77LL-Medium\\" font-size=\\"14px\\" lineheight=\\"24px\\">New York</text><view mb=\\"0.5\\"></view><view style=\\"opacity: 1;\\" focusable=\\"true\\"><view><view my=\\"2\\"><text font-family=\\"ReactNativeAGaramondPro-Regular\\" font-size=\\"16px\\" lineheight=\\"20px\\" color=\\"black60\\" textalign=\\"center\\">555 West 24th Street</text><text font-family=\\"ReactNativeAGaramondPro-Regular\\" font-size=\\"16px\\" lineheight=\\"20px\\" color=\\"black60\\" textalign=\\"center\\">New York, 10011</text></view></view></view></view></view><view><view px=\\"2\\" mt=\\"2\\"><text font-family=\\"Unica77LL-Medium\\" font-size=\\"14px\\" lineheight=\\"24px\\">New York</text><view mb=\\"0.5\\"></view><view style=\\"opacity: 1;\\" focusable=\\"true\\"><view><view my=\\"2\\"><text font-family=\\"ReactNativeAGaramondPro-Regular\\" font-size=\\"16px\\" lineheight=\\"20px\\" color=\\"black60\\" textalign=\\"center\\">522 West 21st Street</text><text font-family=\\"ReactNativeAGaramondPro-Regular\\" font-size=\\"16px\\" lineheight=\\"20px\\" color=\\"black60\\" textalign=\\"center\\">New York, 10011</text></view></view></view></view></view><view><view px=\\"2\\" mt=\\"2\\"><text font-family=\\"Unica77LL-Medium\\" font-size=\\"14px\\" lineheight=\\"24px\\">Beverly Hills</text><view mb=\\"0.5\\"></view><view style=\\"opacity: 1;\\" focusable=\\"true\\"><view><view my=\\"2\\"><text font-family=\\"ReactNativeAGaramondPro-Regular\\" font-size=\\"16px\\" lineheight=\\"20px\\" color=\\"black60\\" textalign=\\"center\\">456 North Camden Drive</text><text font-family=\\"ReactNativeAGaramondPro-Regular\\" font-size=\\"16px\\" lineheight=\\"20px\\" color=\\"black60\\" textalign=\\"center\\">Beverly Hills, 90210</text></view></view></view></view></view><view><view px=\\"2\\" mt=\\"2\\"><text font-family=\\"Unica77LL-Medium\\" font-size=\\"14px\\" lineheight=\\"24px\\">San Francisco</text><view mb=\\"0.5\\"></view><view style=\\"opacity: 1;\\" focusable=\\"true\\"><view><view my=\\"2\\"><text font-family=\\"ReactNativeAGaramondPro-Regular\\" font-size=\\"16px\\" lineheight=\\"20px\\" color=\\"black60\\" textalign=\\"center\\">657 Howard Street</text><text font-family=\\"ReactNativeAGaramondPro-Regular\\" font-size=\\"16px\\" lineheight=\\"20px\\" color=\\"black60\\" textalign=\\"center\\">San Francisco, 94105</text></view></view></view></view></view><view><view px=\\"2\\" mt=\\"2\\"><text font-family=\\"Unica77LL-Medium\\" font-size=\\"14px\\" lineheight=\\"24px\\">London</text><view mb=\\"0.5\\"></view><view style=\\"opacity: 1;\\" focusable=\\"true\\"><view><view my=\\"2\\"><text font-family=\\"ReactNativeAGaramondPro-Regular\\" font-size=\\"16px\\" lineheight=\\"20px\\" color=\\"black60\\" textalign=\\"center\\">6-24 Britannia Street</text><text font-family=\\"ReactNativeAGaramondPro-Regular\\" font-size=\\"16px\\" lineheight=\\"20px\\" color=\\"black60\\" textalign=\\"center\\">London, WC1X 9JD</text></view></view></view></view></view><view><view px=\\"2\\" mt=\\"2\\"><text font-family=\\"Unica77LL-Medium\\" font-size=\\"14px\\" lineheight=\\"24px\\">London</text><view mb=\\"0.5\\"></view><view style=\\"opacity: 1;\\" focusable=\\"true\\"><view><view my=\\"2\\"><text font-family=\\"ReactNativeAGaramondPro-Regular\\" font-size=\\"16px\\" lineheight=\\"20px\\" color=\\"black60\\" textalign=\\"center\\">20 Grosvenor Hill</text><text font-family=\\"ReactNativeAGaramondPro-Regular\\" font-size=\\"16px\\" lineheight=\\"20px\\" color=\\"black60\\" textalign=\\"center\\">Grosvenor Hill</text><text font-family=\\"ReactNativeAGaramondPro-Regular\\" font-size=\\"16px\\" lineheight=\\"20px\\" color=\\"black60\\" textalign=\\"center\\">London, W1K 3QD</text></view></view></view></view></view><view><view px=\\"2\\" mt=\\"2\\"><text font-family=\\"Unica77LL-Medium\\" font-size=\\"14px\\" lineheight=\\"24px\\">London</text><view mb=\\"0.5\\"></view><view style=\\"opacity: 1;\\" focusable=\\"true\\"><view><view my=\\"2\\"><text font-family=\\"ReactNativeAGaramondPro-Regular\\" font-size=\\"16px\\" lineheight=\\"20px\\" color=\\"black60\\" textalign=\\"center\\">17-19 Davies Street</text><text font-family=\\"ReactNativeAGaramondPro-Regular\\" font-size=\\"16px\\" lineheight=\\"20px\\" color=\\"black60\\" textalign=\\"center\\">London, W1K 3DE</text></view></view></view></view></view><view><view mb=\\"2\\"></view></view></view></rctscrollview>"`;
