// Jest Snapshot v1, https://goo.gl/fbAQLP

exports[`FeaturedArtists renders properly 1`] = `"<view pb=\\"1\\"><text font-family=\\"Unica77LL-Medium\\" font-size=\\"12px\\" lineheight=\\"16px\\" pb=\\"15\\">Featured Artists</text><view flexwrap=\\"wrap\\"><view width=\\"100%\\" pb=\\"20\\"><view flexdirection=\\"row\\" justifycontent=\\"space-between\\" flexwrap=\\"nowrap\\" focusable=\\"true\\"><view mr=\\"1\\" justifycontent=\\"center\\"><image resizemode=\\"stretch\\" style=\\"width: 45px; height: 45px; border-radius: 22.5px;\\" source=\\"[object Object]\\"></image></view><view justifycontent=\\"center\\" width=\\"0\\" flexgrow=\\"1\\"><text font-family=\\"ReactNativeAGaramondPro-Regular\\" font-size=\\"16px\\" lineheight=\\"20px\\" ellipsizemode=\\"tail\\" numberoflines=\\"1\\" color=\\"black100\\">Pablo Picasso</text><text font-family=\\"Unica77LL-Regular\\" font-size=\\"12px\\" lineheight=\\"16px\\" ellipsizemode=\\"tail\\" numberoflines=\\"1\\" color=\\"black60\\">American, b. 1877</text></view><view ml=\\"1\\" flexdirection=\\"row\\" alignitems=\\"center\\" justifycontent=\\"flex-end\\"><view flexdirection=\\"row\\" focusable=\\"true\\"><view variant=\\"primaryBlack\\" theme=\\"[object Object]\\" px=\\"1\\"><view><text font-family=\\"Unica77LL-Medium\\" font-size=\\"12px\\" lineheight=\\"16px\\" color=\\"#FFF\\">Following</text></view><text font-family=\\"Unica77LL-Medium\\" font-size=\\"12px\\" lineheight=\\"16px\\" role=\\"presentation\\">Following</text></view></view></view></view></view><view width=\\"100%\\" pb=\\"20\\"><view flexdirection=\\"row\\" justifycontent=\\"space-between\\" flexwrap=\\"nowrap\\" focusable=\\"true\\"><view mr=\\"1\\" justifycontent=\\"center\\"><image resizemode=\\"stretch\\" style=\\"width: 45px; height: 45px; border-radius: 22.5px;\\" source=\\"[object Object]\\"></image></view><view justifycontent=\\"center\\" width=\\"0\\" flexgrow=\\"1\\"><text font-family=\\"ReactNativeAGaramondPro-Regular\\" font-size=\\"16px\\" lineheight=\\"20px\\" ellipsizemode=\\"tail\\" numberoflines=\\"1\\" color=\\"black100\\">Andy Warhol</text><text font-family=\\"Unica77LL-Regular\\" font-size=\\"12px\\" lineheight=\\"16px\\" ellipsizemode=\\"tail\\" numberoflines=\\"1\\" color=\\"black60\\">American, b. 1947</text></view><view ml=\\"1\\" flexdirection=\\"row\\" alignitems=\\"center\\" justifycontent=\\"flex-end\\"><view flexdirection=\\"row\\" focusable=\\"true\\"><view variant=\\"secondaryOutline\\" theme=\\"[object Object]\\" px=\\"1\\"><view><text font-family=\\"Unica77LL-Medium\\" font-size=\\"12px\\" lineheight=\\"16px\\" color=\\"#000\\">Follow</text></view><text font-family=\\"Unica77LL-Medium\\" font-size=\\"12px\\" lineheight=\\"16px\\" role=\\"presentation\\">Following</text></view></view></view></view></view><view width=\\"100%\\" pb=\\"20\\"><view flexdirection=\\"row\\" justifycontent=\\"space-between\\" flexwrap=\\"nowrap\\" focusable=\\"true\\"><view mr=\\"1\\" justifycontent=\\"center\\"><image resizemode=\\"stretch\\" style=\\"width: 45px; height: 45px; border-radius: 22.5px;\\" source=\\"[object Object]\\"></image></view><view justifycontent=\\"center\\" width=\\"0\\" flexgrow=\\"1\\"><text font-family=\\"ReactNativeAGaramondPro-Regular\\" font-size=\\"16px\\" lineheight=\\"20px\\" ellipsizemode=\\"tail\\" numberoflines=\\"1\\" color=\\"black100\\">Joan Miro</text><text font-family=\\"Unica77LL-Regular\\" font-size=\\"12px\\" lineheight=\\"16px\\" ellipsizemode=\\"tail\\" numberoflines=\\"1\\" color=\\"black60\\">Spanish, b. 1877</text></view><view ml=\\"1\\" flexdirection=\\"row\\" alignitems=\\"center\\" justifycontent=\\"flex-end\\"><view flexdirection=\\"row\\" focusable=\\"true\\"><view variant=\\"primaryBlack\\" theme=\\"[object Object]\\" px=\\"1\\"><view><text font-family=\\"Unica77LL-Medium\\" font-size=\\"12px\\" lineheight=\\"16px\\" color=\\"#FFF\\">Following</text></view><text font-family=\\"Unica77LL-Medium\\" font-size=\\"12px\\" lineheight=\\"16px\\" role=\\"presentation\\">Following</text></view></view></view></view></view></view></view>"`;
