// Jest Snapshot v1, https://goo.gl/fbAQLP

exports[`FullFeaturedArtistList renders properly 1`] = `"<rctscrollview contentcontainerstyle=\\"[object Object]\\" data=\\"[object Object],[object Object],[object Object],[object Object],[object Object]\\" initialnumtorender=\\"10\\" maxtorenderperbatch=\\"10\\" scrolleventthrottle=\\"50\\" updatecellsbatchingperiod=\\"50\\" windowsize=\\"21\\" numcolumns=\\"1\\" viewabilityconfigcallbackpairs=\\"\\" stickyheaderindices=\\"\\"><view><view><view mb=\\"2\\"><text font-family=\\"Unica77LL-Medium\\" font-size=\\"16px\\" lineheight=\\"26px\\" textalign=\\"center\\">Feature Artists</text></view></view><view><view width=\\"100%\\" pb=\\"20\\"><view flexdirection=\\"row\\" justifycontent=\\"space-between\\" flexwrap=\\"nowrap\\" focusable=\\"true\\"><view mr=\\"1\\" justifycontent=\\"center\\"><image resizemode=\\"stretch\\" style=\\"width: 45px; height: 45px; border-radius: 22.5px;\\" source=\\"[object Object]\\"></image></view><view justifycontent=\\"center\\" width=\\"0\\" flexgrow=\\"1\\"><text font-family=\\"ReactNativeAGaramondPro-Regular\\" font-size=\\"16px\\" lineheight=\\"20px\\" ellipsizemode=\\"tail\\" numberoflines=\\"1\\" color=\\"black100\\">Pablo Picasso</text><text font-family=\\"Unica77LL-Regular\\" font-size=\\"12px\\" lineheight=\\"16px\\" ellipsizemode=\\"tail\\" numberoflines=\\"1\\" color=\\"black60\\">American, 1877-1973</text></view><view ml=\\"1\\" flexdirection=\\"row\\" alignitems=\\"center\\" justifycontent=\\"flex-end\\"><view flexdirection=\\"row\\" focusable=\\"true\\"><view variant=\\"secondaryOutline\\" theme=\\"[object Object]\\" px=\\"1\\"><view><text font-family=\\"Unica77LL-Medium\\" font-size=\\"12px\\" lineheight=\\"16px\\" color=\\"#000\\">Following</text></view><text font-family=\\"Unica77LL-Medium\\" font-size=\\"12px\\" lineheight=\\"16px\\" role=\\"presentation\\">Following</text></view></view></view></view></view></view><view><view width=\\"100%\\" pb=\\"20\\"><view flexdirection=\\"row\\" justifycontent=\\"space-between\\" flexwrap=\\"nowrap\\" focusable=\\"true\\"><view mr=\\"1\\" justifycontent=\\"center\\"><image resizemode=\\"stretch\\" style=\\"width: 45px; height: 45px; border-radius: 22.5px;\\" source=\\"[object Object]\\"></image></view><view justifycontent=\\"center\\" width=\\"0\\" flexgrow=\\"1\\"><text font-family=\\"ReactNativeAGaramondPro-Regular\\" font-size=\\"16px\\" lineheight=\\"20px\\" ellipsizemode=\\"tail\\" numberoflines=\\"1\\" color=\\"black100\\">Andy Warhol</text><text font-family=\\"Unica77LL-Regular\\" font-size=\\"12px\\" lineheight=\\"16px\\" ellipsizemode=\\"tail\\" numberoflines=\\"1\\" color=\\"black60\\">American, 1947-1987</text></view><view ml=\\"1\\" flexdirection=\\"row\\" alignitems=\\"center\\" justifycontent=\\"flex-end\\"><view flexdirection=\\"row\\" focusable=\\"true\\"><view variant=\\"secondaryOutline\\" theme=\\"[object Object]\\" px=\\"1\\"><view><text font-family=\\"Unica77LL-Medium\\" font-size=\\"12px\\" lineheight=\\"16px\\" color=\\"#000\\">Following</text></view><text font-family=\\"Unica77LL-Medium\\" font-size=\\"12px\\" lineheight=\\"16px\\" role=\\"presentation\\">Following</text></view></view></view></view></view></view><view><view width=\\"100%\\" pb=\\"20\\"><view flexdirection=\\"row\\" justifycontent=\\"space-between\\" flexwrap=\\"nowrap\\" focusable=\\"true\\"><view mr=\\"1\\" justifycontent=\\"center\\"><image resizemode=\\"stretch\\" style=\\"width: 45px; height: 45px; border-radius: 22.5px;\\" source=\\"[object Object]\\"></image></view><view justifycontent=\\"center\\" width=\\"0\\" flexgrow=\\"1\\"><text font-family=\\"ReactNativeAGaramondPro-Regular\\" font-size=\\"16px\\" lineheight=\\"20px\\" ellipsizemode=\\"tail\\" numberoflines=\\"1\\" color=\\"black100\\">Joan Miro</text><text font-family=\\"Unica77LL-Regular\\" font-size=\\"12px\\" lineheight=\\"16px\\" ellipsizemode=\\"tail\\" numberoflines=\\"1\\" color=\\"black60\\">Spanish, 1877-1983</text></view><view ml=\\"1\\" flexdirection=\\"row\\" alignitems=\\"center\\" justifycontent=\\"flex-end\\"><view flexdirection=\\"row\\" focusable=\\"true\\"><view variant=\\"secondaryOutline\\" theme=\\"[object Object]\\" px=\\"1\\"><view><text font-family=\\"Unica77LL-Medium\\" font-size=\\"12px\\" lineheight=\\"16px\\" color=\\"#000\\">Following</text></view><text font-family=\\"Unica77LL-Medium\\" font-size=\\"12px\\" lineheight=\\"16px\\" role=\\"presentation\\">Following</text></view></view></view></view></view></view><view><view width=\\"100%\\" pb=\\"20\\"><view flexdirection=\\"row\\" justifycontent=\\"space-between\\" flexwrap=\\"nowrap\\" focusable=\\"true\\"><view mr=\\"1\\" justifycontent=\\"center\\"><image resizemode=\\"stretch\\" style=\\"width: 45px; height: 45px; border-radius: 22.5px;\\" source=\\"[object Object]\\"></image></view><view justifycontent=\\"center\\" width=\\"0\\" flexgrow=\\"1\\"><text font-family=\\"ReactNativeAGaramondPro-Regular\\" font-size=\\"16px\\" lineheight=\\"20px\\" ellipsizemode=\\"tail\\" numberoflines=\\"1\\" color=\\"black100\\">Jean-Michel Basquiat</text><text font-family=\\"Unica77LL-Regular\\" font-size=\\"12px\\" lineheight=\\"16px\\" ellipsizemode=\\"tail\\" numberoflines=\\"1\\" color=\\"black60\\">American, 1960-2001</text></view><view ml=\\"1\\" flexdirection=\\"row\\" alignitems=\\"center\\" justifycontent=\\"flex-end\\"><view flexdirection=\\"row\\" focusable=\\"true\\"><view variant=\\"primaryBlack\\" theme=\\"[object Object]\\" px=\\"1\\"><view><text font-family=\\"Unica77LL-Medium\\" font-size=\\"12px\\" lineheight=\\"16px\\" color=\\"#FFF\\">Follow</text></view><text font-family=\\"Unica77LL-Medium\\" font-size=\\"12px\\" lineheight=\\"16px\\" role=\\"presentation\\">Following</text></view></view></view></view></view></view><view><view width=\\"100%\\" pb=\\"20\\"><view flexdirection=\\"row\\" justifycontent=\\"space-between\\" flexwrap=\\"nowrap\\" focusable=\\"true\\"><view mr=\\"1\\" justifycontent=\\"center\\"><image resizemode=\\"stretch\\" style=\\"width: 45px; height: 45px; border-radius: 22.5px;\\" source=\\"[object Object]\\"></image></view><view justifycontent=\\"center\\" width=\\"0\\" flexgrow=\\"1\\"><text font-family=\\"ReactNativeAGaramondPro-Regular\\" font-size=\\"16px\\" lineheight=\\"20px\\" ellipsizemode=\\"tail\\" numberoflines=\\"1\\" color=\\"black100\\">Kenny Scharf</text><text font-family=\\"Unica77LL-Regular\\" font-size=\\"12px\\" lineheight=\\"16px\\" ellipsizemode=\\"tail\\" numberoflines=\\"1\\" color=\\"black60\\">American, b. 1958</text></view><view ml=\\"1\\" flexdirection=\\"row\\" alignitems=\\"center\\" justifycontent=\\"flex-end\\"><view flexdirection=\\"row\\" focusable=\\"true\\"><view variant=\\"primaryBlack\\" theme=\\"[object Object]\\" px=\\"1\\"><view><text font-family=\\"Unica77LL-Medium\\" font-size=\\"12px\\" lineheight=\\"16px\\" color=\\"#FFF\\">Follow</text></view><text font-family=\\"Unica77LL-Medium\\" font-size=\\"12px\\" lineheight=\\"16px\\" role=\\"presentation\\">Following</text></view></view></view></view></view></view></view></rctscrollview>"`;
